Archive member included to satisfy reference by file (symbol)

/home/armen/Documents/stm-cube-ide/plugins/com.st.stm32cube.ide.mcu.externaltools.gnu-tools-for-stm32.11.3.rel1.linux64_1.1.0.202305231506/tools/bin/../lib/gcc/arm-none-eabi/11.3.1/../../../../arm-none-eabi/lib/thumb/v6-m/nofp/libc_nano.a(libc_a-exit.o)
                              /home/armen/Documents/stm-cube-ide/plugins/com.st.stm32cube.ide.mcu.externaltools.gnu-tools-for-stm32.11.3.rel1.linux64_1.1.0.202305231506/tools/bin/../lib/gcc/arm-none-eabi/11.3.1/../../../../arm-none-eabi/lib/thumb/v6-m/nofp/crt0.o (exit)
/home/armen/Documents/stm-cube-ide/plugins/com.st.stm32cube.ide.mcu.externaltools.gnu-tools-for-stm32.11.3.rel1.linux64_1.1.0.202305231506/tools/bin/../lib/gcc/arm-none-eabi/11.3.1/../../../../arm-none-eabi/lib/thumb/v6-m/nofp/libc_nano.a(libc_a-findfp.o)
                              /home/armen/Documents/stm-cube-ide/plugins/com.st.stm32cube.ide.mcu.externaltools.gnu-tools-for-stm32.11.3.rel1.linux64_1.1.0.202305231506/tools/bin/../lib/gcc/arm-none-eabi/11.3.1/../../../../arm-none-eabi/lib/thumb/v6-m/nofp/libc_nano.a(libc_a-exit.o) (__stdio_exit_handler)
/home/armen/Documents/stm-cube-ide/plugins/com.st.stm32cube.ide.mcu.externaltools.gnu-tools-for-stm32.11.3.rel1.linux64_1.1.0.202305231506/tools/bin/../lib/gcc/arm-none-eabi/11.3.1/../../../../arm-none-eabi/lib/thumb/v6-m/nofp/libc_nano.a(libc_a-fwalk.o)
                              /home/armen/Documents/stm-cube-ide/plugins/com.st.stm32cube.ide.mcu.externaltools.gnu-tools-for-stm32.11.3.rel1.linux64_1.1.0.202305231506/tools/bin/../lib/gcc/arm-none-eabi/11.3.1/../../../../arm-none-eabi/lib/thumb/v6-m/nofp/libc_nano.a(libc_a-findfp.o) (_fwalk_sglue)
/home/armen/Documents/stm-cube-ide/plugins/com.st.stm32cube.ide.mcu.externaltools.gnu-tools-for-stm32.11.3.rel1.linux64_1.1.0.202305231506/tools/bin/../lib/gcc/arm-none-eabi/11.3.1/../../../../arm-none-eabi/lib/thumb/v6-m/nofp/libc_nano.a(libc_a-stdio.o)
                              /home/armen/Documents/stm-cube-ide/plugins/com.st.stm32cube.ide.mcu.externaltools.gnu-tools-for-stm32.11.3.rel1.linux64_1.1.0.202305231506/tools/bin/../lib/gcc/arm-none-eabi/11.3.1/../../../../arm-none-eabi/lib/thumb/v6-m/nofp/libc_nano.a(libc_a-findfp.o) (__sread)
/home/armen/Documents/stm-cube-ide/plugins/com.st.stm32cube.ide.mcu.externaltools.gnu-tools-for-stm32.11.3.rel1.linux64_1.1.0.202305231506/tools/bin/../lib/gcc/arm-none-eabi/11.3.1/../../../../arm-none-eabi/lib/thumb/v6-m/nofp/libc_nano.a(libc_a-memset.o)
                              /home/armen/Documents/stm-cube-ide/plugins/com.st.stm32cube.ide.mcu.externaltools.gnu-tools-for-stm32.11.3.rel1.linux64_1.1.0.202305231506/tools/bin/../lib/gcc/arm-none-eabi/11.3.1/../../../../arm-none-eabi/lib/thumb/v6-m/nofp/crt0.o (memset)
/home/armen/Documents/stm-cube-ide/plugins/com.st.stm32cube.ide.mcu.externaltools.gnu-tools-for-stm32.11.3.rel1.linux64_1.1.0.202305231506/tools/bin/../lib/gcc/arm-none-eabi/11.3.1/../../../../arm-none-eabi/lib/thumb/v6-m/nofp/libc_nano.a(libc_a-closer.o)
                              /home/armen/Documents/stm-cube-ide/plugins/com.st.stm32cube.ide.mcu.externaltools.gnu-tools-for-stm32.11.3.rel1.linux64_1.1.0.202305231506/tools/bin/../lib/gcc/arm-none-eabi/11.3.1/../../../../arm-none-eabi/lib/thumb/v6-m/nofp/libc_nano.a(libc_a-stdio.o) (_close_r)
/home/armen/Documents/stm-cube-ide/plugins/com.st.stm32cube.ide.mcu.externaltools.gnu-tools-for-stm32.11.3.rel1.linux64_1.1.0.202305231506/tools/bin/../lib/gcc/arm-none-eabi/11.3.1/../../../../arm-none-eabi/lib/thumb/v6-m/nofp/libc_nano.a(libc_a-reent.o)
                              /home/armen/Documents/stm-cube-ide/plugins/com.st.stm32cube.ide.mcu.externaltools.gnu-tools-for-stm32.11.3.rel1.linux64_1.1.0.202305231506/tools/bin/../lib/gcc/arm-none-eabi/11.3.1/../../../../arm-none-eabi/lib/thumb/v6-m/nofp/libc_nano.a(libc_a-closer.o) (errno)
/home/armen/Documents/stm-cube-ide/plugins/com.st.stm32cube.ide.mcu.externaltools.gnu-tools-for-stm32.11.3.rel1.linux64_1.1.0.202305231506/tools/bin/../lib/gcc/arm-none-eabi/11.3.1/../../../../arm-none-eabi/lib/thumb/v6-m/nofp/libc_nano.a(libc_a-impure.o)
                              /home/armen/Documents/stm-cube-ide/plugins/com.st.stm32cube.ide.mcu.externaltools.gnu-tools-for-stm32.11.3.rel1.linux64_1.1.0.202305231506/tools/bin/../lib/gcc/arm-none-eabi/11.3.1/../../../../arm-none-eabi/lib/thumb/v6-m/nofp/libc_nano.a(libc_a-reent.o) (_impure_ptr)
/home/armen/Documents/stm-cube-ide/plugins/com.st.stm32cube.ide.mcu.externaltools.gnu-tools-for-stm32.11.3.rel1.linux64_1.1.0.202305231506/tools/bin/../lib/gcc/arm-none-eabi/11.3.1/../../../../arm-none-eabi/lib/thumb/v6-m/nofp/libc_nano.a(libc_a-lseekr.o)
                              /home/armen/Documents/stm-cube-ide/plugins/com.st.stm32cube.ide.mcu.externaltools.gnu-tools-for-stm32.11.3.rel1.linux64_1.1.0.202305231506/tools/bin/../lib/gcc/arm-none-eabi/11.3.1/../../../../arm-none-eabi/lib/thumb/v6-m/nofp/libc_nano.a(libc_a-stdio.o) (_lseek_r)
[...]
Memory Configuration

Name             Origin             Length             Attributes
RAM              0x0000000020000000 0x0000000000005000 xrw
FLASH            0x0000000008000000 0x0000000000020000 xr
*default*        0x0000000000000000 0xffffffffffffffff

Linker script and memory map

LOAD /home/armen/Documents/stm-cube-ide/plugins/com.st.stm32cube.ide.mcu.externaltools.gnu-tools-for-stm32.11.3.rel1.linux64_1.1.0.202305231506/tools/bin/../lib/gcc/arm-none-eabi/11.3.1/thumb/v6-m/nofp/crti.o
LOAD /home/armen/Documents/stm-cube-ide/plugins/com.st.stm32cube.ide.mcu.externaltools.gnu-tools-for-stm32.11.3.rel1.linux64_1.1.0.202305231506/tools/bin/../lib/gcc/arm-none-eabi/11.3.1/thumb/v6-m/nofp/crtbegin.o
LOAD /home/armen/Documents/stm-cube-ide/plugins/com.st.stm32cube.ide.mcu.externaltools.gnu-tools-for-stm32.11.3.rel1.linux64_1.1.0.202305231506/tools/bin/../lib/gcc/arm-none-eabi/11.3.1/../../../../arm-none-eabi/lib/thumb/v6-m/nofp/crt0.o
LOAD ./Core/Src/main.o
LOAD ./Core/Src/stm32l0xx_hal_msp.o
LOAD ./Core/Src/stm32l0xx_it.o
LOAD ./Core/Src/syscalls.o
LOAD ./Core/Src/sysmem.o
LOAD ./Core/Src/system_stm32l0xx.o
LOAD ./Core/Startup/startup_stm32l071kbtx.o
LOAD ./Core/myMain/libs/rtc_lib/rtc_lib.o
LOAD ./Core/myMain/myMain.o
LOAD ./Drivers/STM32L0xx_HAL_Driver/Src/stm32l0xx_hal.o
LOAD ./Drivers/STM32L0xx_HAL_Driver/Src/stm32l0xx_hal_cortex.o
LOAD ./Drivers/STM32L0xx_HAL_Driver/Src/stm32l0xx_hal_dma.o
LOAD ./Drivers/STM32L0xx_HAL_Driver/Src/stm32l0xx_hal_exti.o
LOAD ./Drivers/STM32L0xx_HAL_Driver/Src/stm32l0xx_hal_flash.o
LOAD ./Drivers/STM32L0xx_HAL_Driver/Src/stm32l0xx_hal_flash_ex.o
LOAD ./Drivers/STM32L0xx_HAL_Driver/Src/stm32l0xx_hal_flash_ramfunc.o
LOAD ./Drivers/STM32L0xx_HAL_Driver/Src/stm32l0xx_hal_gpio.o
LOAD ./Drivers/STM32L0xx_HAL_Driver/Src/stm32l0xx_hal_i2c.o
LOAD ./Drivers/STM32L0xx_HAL_Driver/Src/stm32l0xx_hal_i2c_ex.o
LOAD ./Drivers/STM32L0xx_HAL_Driver/Src/stm32l0xx_hal_pwr.o
LOAD ./Drivers/STM32L0xx_HAL_Driver/Src/stm32l0xx_hal_pwr_ex.o
LOAD ./Drivers/STM32L0xx_HAL_Driver/Src/stm32l0xx_hal_rcc.o
LOAD ./Drivers/STM32L0xx_HAL_Driver/Src/stm32l0xx_hal_rcc_ex.o
LOAD ./Drivers/STM32L0xx_HAL_Driver/Src/stm32l0xx_hal_rtc.o
LOAD ./Drivers/STM32L0xx_HAL_Driver/Src/stm32l0xx_hal_rtc_ex.o
LOAD ./Drivers/STM32L0xx_HAL_Driver/Src/stm32l0xx_hal_tim.o
LOAD ./Drivers/STM32L0xx_HAL_Driver/Src/stm32l0xx_hal_tim_ex.o
START GROUP
LOAD /home/armen/Documents/stm-cube-ide/plugins/com.st.stm32cube.ide.mcu.externaltools.gnu-tools-for-stm32.11.3.rel1.linux64_1.1.0.202305231506/tools/bin/../lib/gcc/arm-none-eabi/11.3.1/../../../../arm-none-eabi/lib/thumb/v6-m/nofp/libc_nano.a
LOAD /home/armen/Documents/stm-cube-ide/plugins/com.st.stm32cube.ide.mcu.externaltools.gnu-tools-for-stm32.11.3.rel1.linux64_1.1.0.202305231506/tools/bin/../lib/gcc/arm-none-eabi/11.3.1/../../../../arm-none-eabi/lib/thumb/v6-m/nofp/libm.a
END GROUP
START GROUP
LOAD /home/armen/Documents/stm-cube-ide/plugins/com.st.stm32cube.ide.mcu.externaltools.gnu-tools-for-stm32.11.3.rel1.linux64_1.1.0.202305231506/tools/bin/../lib/gcc/arm-none-eabi/11.3.1/thumb/v6-m/nofp/libgcc.a
LOAD /home/armen/Documents/stm-cube-ide/plugins/com.st.stm32cube.ide.mcu.externaltools.gnu-tools-for-stm32.11.3.rel1.linux64_1.1.0.202305231506/tools/bin/../lib/gcc/arm-none-eabi/11.3.1/../../../../arm-none-eabi/lib/thumb/v6-m/nofp/libc_nano.a
END GROUP
START GROUP
LOAD /home/armen/Documents/stm-cube-ide/plugins/com.st.stm32cube.ide.mcu.externaltools.gnu-tools-for-stm32.11.3.rel1.linux64_1.1.0.202305231506/tools/bin/../lib/gcc/arm-none-eabi/11.3.1/thumb/v6-m/nofp/libgcc.a
LOAD /home/armen/Documents/stm-cube-ide/plugins/com.st.stm32cube.ide.mcu.externaltools.gnu-tools-for-stm32.11.3.rel1.linux64_1.1.0.202305231506/tools/bin/../lib/gcc/arm-none-eabi/11.3.1/../../../../arm-none-eabi/lib/thumb/v6-m/nofp/libc_nano.a
LOAD /home/armen/Documents/stm-cube-ide/plugins/com.st.stm32cube.ide.mcu.externaltools.gnu-tools-for-stm32.11.3.rel1.linux64_1.1.0.202305231506/tools/bin/../lib/gcc/arm-none-eabi/11.3.1/../../../../arm-none-eabi/lib/thumb/v6-m/nofp/libnosys.a
END GROUP
START GROUP
LOAD /home/armen/Documents/stm-cube-ide/plugins/com.st.stm32cube.ide.mcu.externaltools.gnu-tools-for-stm32.11.3.rel1.linux64_1.1.0.202305231506/tools/bin/../lib/gcc/arm-none-eabi/11.3.1/thumb/v6-m/nofp/libgcc.a
LOAD /home/armen/Documents/stm-cube-ide/plugins/com.st.stm32cube.ide.mcu.externaltools.gnu-tools-for-stm32.11.3.rel1.linux64_1.1.0.202305231506/tools/bin/../lib/gcc/arm-none-eabi/11.3.1/../../../../arm-none-eabi/lib/thumb/v6-m/nofp/libc_nano.a
LOAD /home/armen/Documents/stm-cube-ide/plugins/com.st.stm32cube.ide.mcu.externaltools.gnu-tools-for-stm32.11.3.rel1.linux64_1.1.0.202305231506/tools/bin/../lib/gcc/arm-none-eabi/11.3.1/../../../../arm-none-eabi/lib/thumb/v6-m/nofp/libnosys.a
END GROUP
LOAD /home/armen/Documents/stm-cube-ide/plugins/com.st.stm32cube.ide.mcu.externaltools.gnu-tools-for-stm32.11.3.rel1.linux64_1.1.0.202305231506/tools/bin/../lib/gcc/arm-none-eabi/11.3.1/thumb/v6-m/nofp/crtend.o
LOAD /home/armen/Documents/stm-cube-ide/plugins/com.st.stm32cube.ide.mcu.externaltools.gnu-tools-for-stm32.11.3.rel1.linux64_1.1.0.202305231506/tools/bin/../lib/gcc/arm-none-eabi/11.3.1/thumb/v6-m/nofp/crtn.o
                0x0000000020005000                _estack = (ORIGIN (RAM) + LENGTH (RAM))
                0x0000000000000200                _Min_Heap_Size = 0x200
                0x0000000000000400                _Min_Stack_Size = 0x400

.isr_vector     0x0000000008000000       0xc0
                0x0000000008000000                . = ALIGN (0x4)
 *(.isr_vector)
 .isr_vector    0x0000000008000000       0xc0 ./Core/Startup/startup_stm32l071kbtx.o
                0x0000000008000000                g_pfnVectors
                0x00000000080000c0                . = ALIGN (0x4)

.text           0x00000000080000c0     0x23b8
                0x00000000080000c0                . = ALIGN (0x4)
 *(.text)
 .text          0x00000000080000c0       0x48 /home/armen/Documents/stm-cube-ide/plugins/com.st.stm32cube.ide.mcu.externaltools.gnu-tools-for-stm32.11.3.rel1.linux64_1.1.0.202305231506/tools/bin/../lib/gcc/arm-none-eabi/11.3.1/thumb/v6-m/nofp/crtbegin.o
 .text          0x0000000008000108      0x114 /home/armen/Documents/stm-cube-ide/plugins/com.st.stm32cube.ide.mcu.externaltools.gnu-tools-for-stm32.11.3.rel1.linux64_1.1.0.202305231506/tools/bin/../lib/gcc/arm-none-eabi/11.3.1/thumb/v6-m/nofp/libgcc.a(_udivsi3.o)
                0x0000000008000108                __udivsi3
                0x0000000008000108                __aeabi_uidiv
                0x0000000008000214                __aeabi_uidivmod
 .text          0x000000000800021c        0x4 /home/armen/Documents/stm-cube-ide/plugins/com.st.stm32cube.ide.mcu.externaltools.gnu-tools-for-stm32.11.3.rel1.linux64_1.1.0.202305231506/tools/bin/../lib/gcc/arm-none-eabi/11.3.1/thumb/v6-m/nofp/libgcc.a(_dvmd_tls.o)
                0x000000000800021c                __aeabi_ldiv0
                0x000000000800021c                __aeabi_idiv0
 .text          0x0000000008000220       0x40 /home/armen/Documents/stm-cube-ide/plugins/com.st.stm32cube.ide.mcu.externaltools.gnu-tools-for-stm32.11.3.rel1.linux64_1.1.0.202305231506/tools/bin/../lib/gcc/arm-none-eabi/11.3.1/thumb/v6-m/nofp/libgcc.a(_aeabi_uldivmod.o)
                0x0000000008000220                __aeabi_uldivmod
 .text          0x0000000008000260       0x5c /home/armen/Documents/stm-cube-ide/plugins/com.st.stm32cube.ide.mcu.externaltools.gnu-tools-for-stm32.11.3.rel1.linux64_1.1.0.202305231506/tools/bin/../lib/gcc/arm-none-eabi/11.3.1/thumb/v6-m/nofp/libgcc.a(_muldi3.o)
                0x0000000008000260                __aeabi_lmul
                0x0000000008000260                __muldi3
 .text          0x00000000080002bc      0x198 /home/armen/Documents/stm-cube-ide/plugins/com.st.stm32cube.ide.mcu.externaltools.gnu-tools-for-stm32.11.3.rel1.linux64_1.1.0.202305231506/tools/bin/../lib/gcc/arm-none-eabi/11.3.1/thumb/v6-m/nofp/libgcc.a(_udivmoddi4.o)
                0x00000000080002bc                __udivmoddi4
 .text          0x0000000008000454       0x18 /home/armen/Documents/stm-cube-ide/plugins/com.st.stm32cube.ide.mcu.externaltools.gnu-tools-for-stm32.11.3.rel1.linux64_1.1.0.202305231506/tools/bin/../lib/gcc/arm-none-eabi/11.3.1/thumb/v6-m/nofp/libgcc.a(_clzdi2.o)
                0x0000000008000454                __clzdi2
 .text          0x000000000800046c       0x3c /home/armen/Documents/stm-cube-ide/plugins/com.st.stm32cube.ide.mcu.externaltools.gnu-tools-for-stm32.11.3.rel1.linux64_1.1.0.202305231506/tools/bin/../lib/gcc/arm-none-eabi/11.3.1/thumb/v6-m/nofp/libgcc.a(_clzsi2.o)
                0x000000000800046c                __clzsi2
 *(.text*)
 .text.main     0x00000000080004a8       0x1a ./Core/Src/main.o
                0x00000000080004a8                main
 *fill*         0x00000000080004c2        0x2 
 .text.SystemClock_Config
                0x00000000080004c4       0xec ./Core/Src/main.o
                0x00000000080004c4                SystemClock_Config
 .text.MX_RTC_Init
                0x00000000080005b0       0x54 ./Core/Src/main.o
 .text.MX_GPIO_Init
                0x0000000008000604       0x44 ./Core/Src/main.o
 .text.Error_Handler
                0x0000000008000648        0xa ./Core/Src/main.o
                0x0000000008000648                Error_Handler
 *fill*         0x0000000008000652        0x2 
 .text.HAL_MspInit
                0x0000000008000654       0x28 ./Core/Src/stm32l0xx_hal_msp.o
                0x0000000008000654                HAL_MspInit
 .text.HAL_RTC_MspInit
                0x000000000800067c       0x30 ./Core/Src/stm32l0xx_hal_msp.o
                0x000000000800067c                HAL_RTC_MspInit
 .text.NMI_Handler
                0x00000000080006ac        0x6 ./Core/Src/stm32l0xx_it.o
                0x00000000080006ac                NMI_Handler
 .text.HardFault_Handler
                0x00000000080006b2        0x6 ./Core/Src/stm32l0xx_it.o
                0x00000000080006b2                HardFault_Handler
 .text.SVC_Handler
                0x00000000080006b8        0xa ./Core/Src/stm32l0xx_it.o
                0x00000000080006b8                SVC_Handler
 .text.PendSV_Handler
                0x00000000080006c2        0xa ./Core/Src/stm32l0xx_it.o
                0x00000000080006c2                PendSV_Handler
 .text.SysTick_Handler
                0x00000000080006cc        0xe ./Core/Src/stm32l0xx_it.o
                0x00000000080006cc                SysTick_Handler
 .text.SystemInit
                0x00000000080006da        0xa ./Core/Src/system_stm32l0xx.o
                0x00000000080006da                SystemInit
 .text.Reset_Handler
                0x00000000080006e4       0x50 ./Core/Startup/startup_stm32l071kbtx.o
                0x00000000080006e4                Reset_Handler
 .text.Default_Handler
                0x0000000008000734        0x2 ./Core/Startup/startup_stm32l071kbtx.o
                0x0000000008000734                ADC1_COMP_IRQHandler
                0x0000000008000734                TIM6_IRQHandler
                0x0000000008000734                PVD_IRQHandler
                0x0000000008000734                I2C1_IRQHandler
                0x0000000008000734                SPI1_IRQHandler
                0x0000000008000734                EXTI2_3_IRQHandler
                0x0000000008000734                I2C2_IRQHandler
                0x0000000008000734                RTC_IRQHandler
                0x0000000008000734                DMA1_Channel4_5_6_7_IRQHandler
                0x0000000008000734                TIM3_IRQHandler
                0x0000000008000734                EXTI4_15_IRQHandler
                0x0000000008000734                RCC_IRQHandler
                0x0000000008000734                DMA1_Channel1_IRQHandler
                0x0000000008000734                USART4_5_IRQHandler
                0x0000000008000734                Default_Handler
                0x0000000008000734                TIM22_IRQHandler
                0x0000000008000734                TIM7_IRQHandler
                0x0000000008000734                EXTI0_1_IRQHandler
                0x0000000008000734                I2C3_IRQHandler
                0x0000000008000734                SPI2_IRQHandler
                0x0000000008000734                TIM21_IRQHandler
                0x0000000008000734                WWDG_IRQHandler
                0x0000000008000734                LPUART1_IRQHandler
                0x0000000008000734                TIM2_IRQHandler
                0x0000000008000734                DMA1_Channel2_3_IRQHandler
                0x0000000008000734                USART2_IRQHandler
                0x0000000008000734                FLASH_IRQHandler
                0x0000000008000734                USART1_IRQHandler
                0x0000000008000734                LPTIM1_IRQHandler
 *fill*         0x0000000008000736        0x2 
 .text.rtc_init_clock
                0x0000000008000738      0x100 ./Core/myMain/libs/rtc_lib/rtc_lib.o
                0x0000000008000738                rtc_init_clock
 .text.rtc_start_clock
                0x0000000008000838       0x54 ./Core/myMain/libs/rtc_lib/rtc_lib.o
                0x0000000008000838                rtc_start_clock
 .text.rtc_set_time
                0x000000000800088c      0x114 ./Core/myMain/libs/rtc_lib/rtc_lib.o
                0x000000000800088c                rtc_set_time
 .text.rtc_get_time
                0x00000000080009a0       0x68 ./Core/myMain/libs/rtc_lib/rtc_lib.o
                0x00000000080009a0                rtc_get_time
 .text.rtc_set_date
                0x0000000008000a08      0x12c ./Core/myMain/libs/rtc_lib/rtc_lib.o
                0x0000000008000a08                rtc_set_date
 .text.rtc_get_date
                0x0000000008000b34       0x98 ./Core/myMain/libs/rtc_lib/rtc_lib.o
                0x0000000008000b34                rtc_get_date
 .text.rtc_bind_time_alarm
                0x0000000008000bcc      0x2d4 ./Core/myMain/libs/rtc_lib/rtc_lib.o
                0x0000000008000bcc                rtc_bind_time_alarm
 .text.rtc_alarm_interrupt_handler
                0x0000000008000ea0      0x1b4 ./Core/myMain/libs/rtc_lib/rtc_lib.o
                0x0000000008000ea0                rtc_alarm_interrupt_handler
 .text.rtc_disable_protection
                0x0000000008001054       0x1c ./Core/myMain/libs/rtc_lib/rtc_lib.o
                0x0000000008001054                rtc_disable_protection
 .text.rtc_enable_protection
                0x0000000008001070       0x14 ./Core/myMain/libs/rtc_lib/rtc_lib.o
                0x0000000008001070                rtc_enable_protection
 .text.bcd_to_dec
                0x0000000008001084       0x42 ./Core/myMain/libs/rtc_lib/rtc_lib.o
                0x0000000008001084                bcd_to_dec
 .text.errno_handler
                0x00000000080010c6        0x6 ./Core/myMain/myMain.o
                0x00000000080010c6                errno_handler
 .text.myMain   0x00000000080010cc       0xe0 ./Core/myMain/myMain.o
                0x00000000080010cc                myMain
 .text.HAL_Init
                0x00000000080011ac       0x40 ./Drivers/STM32L0xx_HAL_Driver/Src/stm32l0xx_hal.o
                0x00000000080011ac                HAL_Init
 .text.HAL_InitTick
                0x00000000080011ec       0x68 ./Drivers/STM32L0xx_HAL_Driver/Src/stm32l0xx_hal.o
                0x00000000080011ec                HAL_InitTick
 .text.HAL_IncTick
                0x0000000008001254       0x24 ./Drivers/STM32L0xx_HAL_Driver/Src/stm32l0xx_hal.o
                0x0000000008001254                HAL_IncTick
 .text.HAL_GetTick
                0x0000000008001278       0x14 ./Drivers/STM32L0xx_HAL_Driver/Src/stm32l0xx_hal.o
                0x0000000008001278                HAL_GetTick
 .text.HAL_Delay
                0x000000000800128c       0x48 ./Drivers/STM32L0xx_HAL_Driver/Src/stm32l0xx_hal.o
                0x000000000800128c                HAL_Delay
 .text.__NVIC_SetPriority
                0x00000000080012d4       0xdc ./Drivers/STM32L0xx_HAL_Driver/Src/stm32l0xx_hal_cortex.o
 .text.SysTick_Config
                0x00000000080013b0       0x48 ./Drivers/STM32L0xx_HAL_Driver/Src/stm32l0xx_hal_cortex.o
 .text.HAL_NVIC_SetPriority
                0x00000000080013f8       0x2a ./Drivers/STM32L0xx_HAL_Driver/Src/stm32l0xx_hal_cortex.o
                0x00000000080013f8                HAL_NVIC_SetPriority
 .text.HAL_SYSTICK_Config
                0x0000000008001422       0x1a ./Drivers/STM32L0xx_HAL_Driver/Src/stm32l0xx_hal_cortex.o
                0x0000000008001422                HAL_SYSTICK_Config
 .text.HAL_RCC_OscConfig
                0x000000000800143c      0x6f8 ./Drivers/STM32L0xx_HAL_Driver/Src/stm32l0xx_hal_rcc.o
                0x000000000800143c                HAL_RCC_OscConfig
 .text.HAL_RCC_ClockConfig
                0x0000000008001b34      0x290 ./Drivers/STM32L0xx_HAL_Driver/Src/stm32l0xx_hal_rcc.o
                0x0000000008001b34                HAL_RCC_ClockConfig
 .text.HAL_RCC_GetSysClockFreq
                0x0000000008001dc4      0x14c ./Drivers/STM32L0xx_HAL_Driver/Src/stm32l0xx_hal_rcc.o
                0x0000000008001dc4                HAL_RCC_GetSysClockFreq
 .text.HAL_RCCEx_PeriphCLKConfig
                0x0000000008001f10      0x294 ./Drivers/STM32L0xx_HAL_Driver/Src/stm32l0xx_hal_rcc_ex.o
                0x0000000008001f10                HAL_RCCEx_PeriphCLKConfig
 .text.HAL_RTC_Init
                0x00000000080021a4      0x138 ./Drivers/STM32L0xx_HAL_Driver/Src/stm32l0xx_hal_rtc.o
                0x00000000080021a4                HAL_RTC_Init
 .text.HAL_RTC_WaitForSynchro
                0x00000000080022dc       0x50 ./Drivers/STM32L0xx_HAL_Driver/Src/stm32l0xx_hal_rtc.o
                0x00000000080022dc                HAL_RTC_WaitForSynchro
 .text.RTC_EnterInitMode
                0x000000000800232c       0x88 ./Drivers/STM32L0xx_HAL_Driver/Src/stm32l0xx_hal_rtc.o
                0x000000000800232c                RTC_EnterInitMode
 .text.RTC_ExitInitMode
                0x00000000080023b4       0x54 ./Drivers/STM32L0xx_HAL_Driver/Src/stm32l0xx_hal_rtc.o
                0x00000000080023b4                RTC_ExitInitMode
 .text.memset   0x0000000008002408       0x10 /home/armen/Documents/stm-cube-ide/plugins/com.st.stm32cube.ide.mcu.externaltools.gnu-tools-for-stm32.11.3.rel1.linux64_1.1.0.202305231506/tools/bin/../lib/gcc/arm-none-eabi/11.3.1/../../../../arm-none-eabi/lib/thumb/v6-m/nofp/libc_nano.a(libc_a-memset.o)
                0x0000000008002408                memset
 .text.__libc_init_array
                0x0000000008002418       0x48 /home/armen/Documents/stm-cube-ide/plugins/com.st.stm32cube.ide.mcu.externaltools.gnu-tools-for-stm32.11.3.rel1.linux64_1.1.0.202305231506/tools/bin/../lib/gcc/arm-none-eabi/11.3.1/../../../../arm-none-eabi/lib/thumb/v6-m/nofp/libc_nano.a(libc_a-init.o)
                0x0000000008002418                __libc_init_array
 *(.glue_7)
 .glue_7        0x0000000008002460        0x0 linker stubs
 *(.glue_7t)
 .glue_7t       0x0000000008002460        0x0 linker stubs
 *(.eh_frame)
 .eh_frame      0x0000000008002460        0x0 /home/armen/Documents/stm-cube-ide/plugins/com.st.stm32cube.ide.mcu.externaltools.gnu-tools-for-stm32.11.3.rel1.linux64_1.1.0.202305231506/tools/bin/../lib/gcc/arm-none-eabi/11.3.1/thumb/v6-m/nofp/crtbegin.o
 *(.init)
 .init          0x0000000008002460        0x4 /home/armen/Documents/stm-cube-ide/plugins/com.st.stm32cube.ide.mcu.externaltools.gnu-tools-for-stm32.11.3.rel1.linux64_1.1.0.202305231506/tools/bin/../lib/gcc/arm-none-eabi/11.3.1/thumb/v6-m/nofp/crti.o
                0x0000000008002460                _init
 .init          0x0000000008002464        0x8 /home/armen/Documents/stm-cube-ide/plugins/com.st.stm32cube.ide.mcu.externaltools.gnu-tools-for-stm32.11.3.rel1.linux64_1.1.0.202305231506/tools/bin/../lib/gcc/arm-none-eabi/11.3.1/thumb/v6-m/nofp/crtn.o
 *(.fini)
 .fini          0x000000000800246c        0x4 /home/armen/Documents/stm-cube-ide/plugins/com.st.stm32cube.ide.mcu.externaltools.gnu-tools-for-stm32.11.3.rel1.linux64_1.1.0.202305231506/tools/bin/../lib/gcc/arm-none-eabi/11.3.1/thumb/v6-m/nofp/crti.o
                0x000000000800246c                _fini
 .fini          0x0000000008002470        0x8 /home/armen/Documents/stm-cube-ide/plugins/com.st.stm32cube.ide.mcu.externaltools.gnu-tools-for-stm32.11.3.rel1.linux64_1.1.0.202305231506/tools/bin/../lib/gcc/arm-none-eabi/11.3.1/thumb/v6-m/nofp/crtn.o
                0x0000000008002478                . = ALIGN (0x4)
                0x0000000008002478                _etext = .

.vfp11_veneer   0x0000000008002478        0x0
 .vfp11_veneer  0x0000000008002478        0x0 linker stubs

.v4_bx          0x0000000008002478        0x0
 .v4_bx         0x0000000008002478        0x0 linker stubs

.iplt           0x0000000008002478        0x0
 .iplt          0x0000000008002478        0x0 /home/armen/Documents/stm-cube-ide/plugins/com.st.stm32cube.ide.mcu.externaltools.gnu-tools-for-stm32.11.3.rel1.linux64_1.1.0.202305231506/tools/bin/../lib/gcc/arm-none-eabi/11.3.1/thumb/v6-m/nofp/crtbegin.o

.rodata         0x0000000008002478       0x28
                0x0000000008002478                . = ALIGN (0x4)
 *(.rodata)
 .rodata        0x0000000008002478        0xb ./Core/myMain/myMain.o
 *(.rodata*)
 *fill*         0x0000000008002483        0x1 
 .rodata.AHBPrescTable
                0x0000000008002484       0x10 ./Core/Src/system_stm32l0xx.o
                0x0000000008002484                AHBPrescTable
 .rodata.PLLMulTable
                0x0000000008002494        0x9 ./Core/Src/system_stm32l0xx.o
                0x0000000008002494                PLLMulTable
                0x00000000080024a0                . = ALIGN (0x4)
 *fill*         0x000000000800249d        0x3 

.ARM.extab      0x00000000080024a0        0x0
                0x00000000080024a0                . = ALIGN (0x4)
 *(.ARM.extab* .gnu.linkonce.armextab.*)
                0x00000000080024a0                . = ALIGN (0x4)

.ARM            0x00000000080024a0        0x8
                0x00000000080024a0                . = ALIGN (0x4)
                0x00000000080024a0                __exidx_start = .
 *(.ARM.exidx*)
 .ARM.exidx     0x00000000080024a0        0x8 /home/armen/Documents/stm-cube-ide/plugins/com.st.stm32cube.ide.mcu.externaltools.gnu-tools-for-stm32.11.3.rel1.linux64_1.1.0.202305231506/tools/bin/../lib/gcc/arm-none-eabi/11.3.1/thumb/v6-m/nofp/libgcc.a(_udivmoddi4.o)
                0x00000000080024a8                __exidx_end = .
                0x00000000080024a8                . = ALIGN (0x4)

.rel.dyn        0x00000000080024a8        0x0
 .rel.iplt      0x00000000080024a8        0x0 /home/armen/Documents/stm-cube-ide/plugins/com.st.stm32cube.ide.mcu.externaltools.gnu-tools-for-stm32.11.3.rel1.linux64_1.1.0.202305231506/tools/bin/../lib/gcc/arm-none-eabi/11.3.1/thumb/v6-m/nofp/crtbegin.o

.preinit_array  0x00000000080024a8        0x0
                0x00000000080024a8                . = ALIGN (0x4)
                0x00000000080024a8                PROVIDE (__preinit_array_start = .)
 *(.preinit_array*)
                0x00000000080024a8                PROVIDE (__preinit_array_end = .)
                0x00000000080024a8                . = ALIGN (0x4)

.init_array     0x00000000080024a8        0x4
                0x00000000080024a8                . = ALIGN (0x4)
                0x00000000080024a8                PROVIDE (__init_array_start = .)
 *(SORT_BY_NAME(.init_array.*))
 *(.init_array*)
 .init_array    0x00000000080024a8        0x4 /home/armen/Documents/stm-cube-ide/plugins/com.st.stm32cube.ide.mcu.externaltools.gnu-tools-for-stm32.11.3.rel1.linux64_1.1.0.202305231506/tools/bin/../lib/gcc/arm-none-eabi/11.3.1/thumb/v6-m/nofp/crtbegin.o
                0x00000000080024ac                PROVIDE (__init_array_end = .)
                0x00000000080024ac                . = ALIGN (0x4)

.fini_array     0x00000000080024ac        0x4
                0x00000000080024ac                . = ALIGN (0x4)
                [!provide]                        PROVIDE (__fini_array_start = .)
 *(SORT_BY_NAME(.fini_array.*))
 *(.fini_array*)
 .fini_array    0x00000000080024ac        0x4 /home/armen/Documents/stm-cube-ide/plugins/com.st.stm32cube.ide.mcu.externaltools.gnu-tools-for-stm32.11.3.rel1.linux64_1.1.0.202305231506/tools/bin/../lib/gcc/arm-none-eabi/11.3.1/thumb/v6-m/nofp/crtbegin.o
                [!provide]                        PROVIDE (__fini_array_end = .)
                0x00000000080024b0                . = ALIGN (0x4)
                0x00000000080024b0                _sidata = LOADADDR (.data)

.data           0x0000000020000000        0xc load address 0x00000000080024b0
                0x0000000020000000                . = ALIGN (0x4)
                0x0000000020000000                _sdata = .
 *(.data)
 *(.data*)
 .data.SystemCoreClock
                0x0000000020000000        0x4 ./Core/Src/system_stm32l0xx.o
                0x0000000020000000                SystemCoreClock
 .data.uwTickPrio
                0x0000000020000004        0x4 ./Drivers/STM32L0xx_HAL_Driver/Src/stm32l0xx_hal.o
                0x0000000020000004                uwTickPrio
 .data.uwTickFreq
                0x0000000020000008        0x1 ./Drivers/STM32L0xx_HAL_Driver/Src/stm32l0xx_hal.o
                0x0000000020000008                uwTickFreq
 *(.RamFunc)
 *(.RamFunc*)
                0x000000002000000c                . = ALIGN (0x4)
 *fill*         0x0000000020000009        0x3 
                0x000000002000000c                _edata = .

.igot.plt       0x000000002000000c        0x0 load address 0x00000000080024bc
 .igot.plt      0x000000002000000c        0x0 /home/armen/Documents/stm-cube-ide/plugins/com.st.stm32cube.ide.mcu.externaltools.gnu-tools-for-stm32.11.3.rel1.linux64_1.1.0.202305231506/tools/bin/../lib/gcc/arm-none-eabi/11.3.1/thumb/v6-m/nofp/crtbegin.o
                0x000000002000000c                . = ALIGN (0x4)

.bss            0x000000002000000c       0x44 load address 0x00000000080024bc
                0x000000002000000c                _sbss = .
                0x000000002000000c                __bss_start__ = _sbss
 *(.bss)
 .bss           0x000000002000000c       0x1c /home/armen/Documents/stm-cube-ide/plugins/com.st.stm32cube.ide.mcu.externaltools.gnu-tools-for-stm32.11.3.rel1.linux64_1.1.0.202305231506/tools/bin/../lib/gcc/arm-none-eabi/11.3.1/thumb/v6-m/nofp/crtbegin.o
 *(.bss*)
 .bss.hrtc      0x0000000020000028       0x24 ./Core/Src/main.o
                0x0000000020000028                hrtc
 .bss.uwTick    0x000000002000004c        0x4 ./Drivers/STM32L0xx_HAL_Driver/Src/stm32l0xx_hal.o
                0x000000002000004c                uwTick
 *(COMMON)
                0x0000000020000050                . = ALIGN (0x4)
                0x0000000020000050                _ebss = .
                0x0000000020000050                __bss_end__ = _ebss

._user_heap_stack
                0x0000000020000050      0x600 load address 0x00000000080024bc
                0x0000000020000050                . = ALIGN (0x8)
                [!provide]                        PROVIDE (end = .)
                0x0000000020000050                PROVIDE (_end = .)
                0x0000000020000250                . = (. + _Min_Heap_Size)
 *fill*         0x0000000020000050      0x200 
                0x0000000020000650                . = (. + _Min_Stack_Size)
 *fill*         0x0000000020000250      0x400 
                0x0000000020000650                . = ALIGN (0x8)

/DISCARD/
 libc.a(*)
 libm.a(*)
 libgcc.a(*)

.ARM.attributes
                0x0000000000000000       0x28
 *(.ARM.attributes)
 .ARM.attributes
                0x0000000000000000       0x1e /home/armen/Documents/stm-cube-ide/plugins/com.st.stm32cube.ide.mcu.externaltools.gnu-tools-for-stm32.11.3.rel1.linux64_1.1.0.202305231506/tools/bin/../lib/gcc/arm-none-eabi/11.3.1/thumb/v6-m/nofp/crti.o
 .ARM.attributes
                0x000000000000001e       0x2c /home/armen/Documents/stm-cube-ide/plugins/com.st.stm32cube.ide.mcu.externaltools.gnu-tools-for-stm32.11.3.rel1.linux64_1.1.0.202305231506/tools/bin/../lib/gcc/arm-none-eabi/11.3.1/thumb/v6-m/nofp/crtbegin.o
 .ARM.attributes
                0x000000000000004a       0x2c ./Core/Src/main.o
 .ARM.attributes
                0x0000000000000076       0x2c ./Core/Src/stm32l0xx_hal_msp.o
 .ARM.attributes
                0x00000000000000a2       0x2c ./Core/Src/stm32l0xx_it.o
 .ARM.attributes
                0x00000000000000ce       0x2c ./Core/Src/system_stm32l0xx.o
 .ARM.attributes
                0x00000000000000fa       0x22 ./Core/Startup/startup_stm32l071kbtx.o
 .ARM.attributes
                0x000000000000011c       0x2c ./Core/myMain/libs/rtc_lib/rtc_lib.o
 .ARM.attributes
                0x0000000000000148       0x2c ./Core/myMain/myMain.o
 .ARM.attributes
                0x0000000000000174       0x2c ./Drivers/STM32L0xx_HAL_Driver/Src/stm32l0xx_hal.o
 .ARM.attributes
                0x00000000000001a0       0x2c ./Drivers/STM32L0xx_HAL_Driver/Src/stm32l0xx_hal_cortex.o
 .ARM.attributes
                0x00000000000001cc       0x2c ./Drivers/STM32L0xx_HAL_Driver/Src/stm32l0xx_hal_rcc.o
 .ARM.attributes
                0x00000000000001f8       0x2c ./Drivers/STM32L0xx_HAL_Driver/Src/stm32l0xx_hal_rcc_ex.o
 .ARM.attributes
                0x0000000000000224       0x2c ./Drivers/STM32L0xx_HAL_Driver/Src/stm32l0xx_hal_rtc.o
 .ARM.attributes
                0x0000000000000250       0x2c /home/armen/Documents/stm-cube-ide/plugins/com.st.stm32cube.ide.mcu.externaltools.gnu-tools-for-stm32.11.3.rel1.linux64_1.1.0.202305231506/tools/bin/../lib/gcc/arm-none-eabi/11.3.1/../../../../arm-none-eabi/lib/thumb/v6-m/nofp/libc_nano.a(libc_a-memset.o)
 .ARM.attributes
                0x000000000000027c       0x2c /home/armen/Documents/stm-cube-ide/plugins/com.st.stm32cube.ide.mcu.externaltools.gnu-tools-for-stm32.11.3.rel1.linux64_1.1.0.202305231506/tools/bin/../lib/gcc/arm-none-eabi/11.3.1/../../../../arm-none-eabi/lib/thumb/v6-m/nofp/libc_nano.a(libc_a-init.o)
 .ARM.attributes
                0x00000000000002a8       0x1e /home/armen/Documents/stm-cube-ide/plugins/com.st.stm32cube.ide.mcu.externaltools.gnu-tools-for-stm32.11.3.rel1.linux64_1.1.0.202305231506/tools/bin/../lib/gcc/arm-none-eabi/11.3.1/thumb/v6-m/nofp/libgcc.a(_udivsi3.o)
 .ARM.attributes
                0x00000000000002c6       0x1e /home/armen/Documents/stm-cube-ide/plugins/com.st.stm32cube.ide.mcu.externaltools.gnu-tools-for-stm32.11.3.rel1.linux64_1.1.0.202305231506/tools/bin/../lib/gcc/arm-none-eabi/11.3.1/thumb/v6-m/nofp/libgcc.a(_dvmd_tls.o)
 .ARM.attributes
                0x00000000000002e4       0x1e /home/armen/Documents/stm-cube-ide/plugins/com.st.stm32cube.ide.mcu.externaltools.gnu-tools-for-stm32.11.3.rel1.linux64_1.1.0.202305231506/tools/bin/../lib/gcc/arm-none-eabi/11.3.1/thumb/v6-m/nofp/libgcc.a(_aeabi_uldivmod.o)
 .ARM.attributes
                0x0000000000000302       0x2c /home/armen/Documents/stm-cube-ide/plugins/com.st.stm32cube.ide.mcu.externaltools.gnu-tools-for-stm32.11.3.rel1.linux64_1.1.0.202305231506/tools/bin/../lib/gcc/arm-none-eabi/11.3.1/thumb/v6-m/nofp/libgcc.a(_muldi3.o)
 .ARM.attributes
                0x000000000000032e       0x2c /home/armen/Documents/stm-cube-ide/plugins/com.st.stm32cube.ide.mcu.externaltools.gnu-tools-for-stm32.11.3.rel1.linux64_1.1.0.202305231506/tools/bin/../lib/gcc/arm-none-eabi/11.3.1/thumb/v6-m/nofp/libgcc.a(_udivmoddi4.o)
 .ARM.attributes
                0x000000000000035a       0x1e /home/armen/Documents/stm-cube-ide/plugins/com.st.stm32cube.ide.mcu.externaltools.gnu-tools-for-stm32.11.3.rel1.linux64_1.1.0.202305231506/tools/bin/../lib/gcc/arm-none-eabi/11.3.1/thumb/v6-m/nofp/libgcc.a(_clzdi2.o)
 .ARM.attributes
                0x0000000000000378       0x1e /home/armen/Documents/stm-cube-ide/plugins/com.st.stm32cube.ide.mcu.externaltools.gnu-tools-for-stm32.11.3.rel1.linux64_1.1.0.202305231506/tools/bin/../lib/gcc/arm-none-eabi/11.3.1/thumb/v6-m/nofp/libgcc.a(_clzsi2.o)
 .ARM.attributes
                0x0000000000000396       0x1e /home/armen/Documents/stm-cube-ide/plugins/com.st.stm32cube.ide.mcu.externaltools.gnu-tools-for-stm32.11.3.rel1.linux64_1.1.0.202305231506/tools/bin/../lib/gcc/arm-none-eabi/11.3.1/thumb/v6-m/nofp/crtn.o
OUTPUT(test-RTC.elf elf32-littlearm)
LOAD linker stubs
LOAD /home/armen/Documents/stm-cube-ide/plugins/com.st.stm32cube.ide.mcu.externaltools.gnu-tools-for-stm32.11.3.rel1.linux64_1.1.0.202305231506/tools/bin/../lib/gcc/arm-none-eabi/11.3.1/../../../../arm-none-eabi/lib/thumb/v6-m/nofp/libc.a
LOAD /home/armen/Documents/stm-cube-ide/plugins/com.st.stm32cube.ide.mcu.externaltools.gnu-tools-for-stm32.11.3.rel1.linux64_1.1.0.202305231506/tools/bin/../lib/gcc/arm-none-eabi/11.3.1/../../../../arm-none-eabi/lib/thumb/v6-m/nofp/libm.a
LOAD /home/armen/Documents/stm-cube-ide/plugins/com.st.stm32cube.ide.mcu.externaltools.gnu-tools-for-stm32.11.3.rel1.linux64_1.1.0.202305231506/tools/bin/../lib/gcc/arm-none-eabi/11.3.1/thumb/v6-m/nofp/libgcc.a

.comment        0x0000000000000000       0x43
 .comment       0x0000000000000000       0x43 /home/armen/Documents/stm-cube-ide/plugins/com.st.stm32cube.ide.mcu.externaltools.gnu-tools-for-stm32.11.3.rel1.linux64_1.1.0.202305231506/tools/bin/../lib/gcc/arm-none-eabi/11.3.1/thumb/v6-m/nofp/crtbegin.o
                                         0x44 (size before relaxing)
 .comment       0x0000000000000043       0x44 ./Core/Src/main.o
 .comment       0x0000000000000043       0x44 ./Core/Src/stm32l0xx_hal_msp.o
 .comment       0x0000000000000043       0x44 ./Core/Src/stm32l0xx_it.o
 .comment       0x0000000000000043       0x44 ./Core/Src/system_stm32l0xx.o
 .comment       0x0000000000000043       0x44 ./Core/myMain/libs/rtc_lib/rtc_lib.o
 .comment       0x0000000000000043       0x44 ./Core/myMain/myMain.o
 .comment       0x0000000000000043       0x44 ./Drivers/STM32L0xx_HAL_Driver/Src/stm32l0xx_hal.o
 .comment       0x0000000000000043       0x44 ./Drivers/STM32L0xx_HAL_Driver/Src/stm32l0xx_hal_cortex.o
 .comment       0x0000000000000043       0x44 ./Drivers/STM32L0xx_HAL_Driver/Src/stm32l0xx_hal_rcc.o
 .comment       0x0000000000000043       0x44 ./Drivers/STM32L0xx_HAL_Driver/Src/stm32l0xx_hal_rcc_ex.o
 .comment       0x0000000000000043       0x44 ./Drivers/STM32L0xx_HAL_Driver/Src/stm32l0xx_hal_rtc.o

.debug_info     0x0000000000000000     0x4458
 .debug_info    0x0000000000000000      0x7fa ./Core/Src/main.o
 .debug_info    0x00000000000007fa      0x44d ./Core/Src/stm32l0xx_hal_msp.o
 .debug_info    0x0000000000000c47       0xd3 ./Core/Src/stm32l0xx_it.o
 .debug_info    0x0000000000000d1a      0x2d0 ./Core/Src/system_stm32l0xx.o
 .debug_info    0x0000000000000fea       0x23 ./Core/Startup/startup_stm32l071kbtx.o
 .debug_info    0x000000000000100d      0x766 ./Core/myMain/libs/rtc_lib/rtc_lib.o
 .debug_info    0x0000000000001773      0x26e ./Core/myMain/myMain.o
 .debug_info    0x00000000000019e1      0x873 ./Drivers/STM32L0xx_HAL_Driver/Src/stm32l0xx_hal.o
 .debug_info    0x0000000000002254      0x855 ./Drivers/STM32L0xx_HAL_Driver/Src/stm32l0xx_hal_cortex.o
 .debug_info    0x0000000000002aa9      0x99f ./Drivers/STM32L0xx_HAL_Driver/Src/stm32l0xx_hal_rcc.o
 .debug_info    0x0000000000003448      0x496 ./Drivers/STM32L0xx_HAL_Driver/Src/stm32l0xx_hal_rcc_ex.o
 .debug_info    0x00000000000038de      0xb7a ./Drivers/STM32L0xx_HAL_Driver/Src/stm32l0xx_hal_rtc.o

.debug_abbrev   0x0000000000000000     0x1420
 .debug_abbrev  0x0000000000000000      0x1f1 ./Core/Src/main.o
 .debug_abbrev  0x00000000000001f1      0x11e ./Core/Src/stm32l0xx_hal_msp.o
 .debug_abbrev  0x000000000000030f       0x73 ./Core/Src/stm32l0xx_it.o
 .debug_abbrev  0x0000000000000382      0x11c ./Core/Src/system_stm32l0xx.o
 .debug_abbrev  0x000000000000049e       0x12 ./Core/Startup/startup_stm32l071kbtx.o
 .debug_abbrev  0x00000000000004b0      0x28c ./Core/myMain/libs/rtc_lib/rtc_lib.o
 .debug_abbrev  0x000000000000073c      0x143 ./Core/myMain/myMain.o
 .debug_abbrev  0x000000000000087f      0x2a4 ./Drivers/STM32L0xx_HAL_Driver/Src/stm32l0xx_hal.o
 .debug_abbrev  0x0000000000000b23      0x29b ./Drivers/STM32L0xx_HAL_Driver/Src/stm32l0xx_hal_cortex.o
 .debug_abbrev  0x0000000000000dbe      0x295 ./Drivers/STM32L0xx_HAL_Driver/Src/stm32l0xx_hal_rcc.o
 .debug_abbrev  0x0000000000001053      0x1d1 ./Drivers/STM32L0xx_HAL_Driver/Src/stm32l0xx_hal_rcc_ex.o
 .debug_abbrev  0x0000000000001224      0x1fc ./Drivers/STM32L0xx_HAL_Driver/Src/stm32l0xx_hal_rtc.o

.debug_aranges  0x0000000000000000      0x578
 .debug_aranges
                0x0000000000000000       0x40 ./Core/Src/main.o
 .debug_aranges
                0x0000000000000040       0x30 ./Core/Src/stm32l0xx_hal_msp.o
 .debug_aranges
                0x0000000000000070       0x40 ./Core/Src/stm32l0xx_it.o
 .debug_aranges
                0x00000000000000b0       0x28 ./Core/Src/system_stm32l0xx.o
 .debug_aranges
                0x00000000000000d8       0x28 ./Core/Startup/startup_stm32l071kbtx.o
 .debug_aranges
                0x0000000000000100       0xa8 ./Core/myMain/libs/rtc_lib/rtc_lib.o
 .debug_aranges
                0x00000000000001a8       0x28 ./Core/myMain/myMain.o
 .debug_aranges
                0x00000000000001d0      0x110 ./Drivers/STM32L0xx_HAL_Driver/Src/stm32l0xx_hal.o
 .debug_aranges
                0x00000000000002e0       0xd8 ./Drivers/STM32L0xx_HAL_Driver/Src/stm32l0xx_hal_cortex.o
 .debug_aranges
                0x00000000000003b8       0x80 ./Drivers/STM32L0xx_HAL_Driver/Src/stm32l0xx_hal_rcc.o
 .debug_aranges
                0x0000000000000438       0x58 ./Drivers/STM32L0xx_HAL_Driver/Src/stm32l0xx_hal_rcc_ex.o
 .debug_aranges
                0x0000000000000490       0xe8 ./Drivers/STM32L0xx_HAL_Driver/Src/stm32l0xx_hal_rtc.o

.debug_rnglists
                0x0000000000000000      0x3fe
 .debug_rnglists
                0x0000000000000000       0x2c ./Core/Src/main.o
 .debug_rnglists
                0x000000000000002c       0x1f ./Core/Src/stm32l0xx_hal_msp.o
 .debug_rnglists
                0x000000000000004b       0x2b ./Core/Src/stm32l0xx_it.o
 .debug_rnglists
                0x0000000000000076       0x1a ./Core/Src/system_stm32l0xx.o
 .debug_rnglists
                0x0000000000000090       0x19 ./Core/Startup/startup_stm32l071kbtx.o
 .debug_rnglists
                0x00000000000000a9       0x7f ./Core/myMain/libs/rtc_lib/rtc_lib.o
 .debug_rnglists
                0x0000000000000128       0x1a ./Core/myMain/myMain.o
 .debug_rnglists
                0x0000000000000142       0xc7 ./Drivers/STM32L0xx_HAL_Driver/Src/stm32l0xx_hal.o
 .debug_rnglists
                0x0000000000000209       0x9f ./Drivers/STM32L0xx_HAL_Driver/Src/stm32l0xx_hal_cortex.o
 .debug_rnglists
                0x00000000000002a8       0x61 ./Drivers/STM32L0xx_HAL_Driver/Src/stm32l0xx_hal_rcc.o
 .debug_rnglists
                0x0000000000000309       0x40 ./Drivers/STM32L0xx_HAL_Driver/Src/stm32l0xx_hal_rcc_ex.o
 .debug_rnglists
                0x0000000000000349       0xb5 ./Drivers/STM32L0xx_HAL_Driver/Src/stm32l0xx_hal_rtc.o

.debug_macro    0x0000000000000000    0x11930
 .debug_macro   0x0000000000000000      0x1e0 ./Core/Src/main.o
 .debug_macro   0x00000000000001e0      0xa7e ./Core/Src/main.o
 .debug_macro   0x0000000000000c5e      0x11f ./Core/Src/main.o
 .debug_macro   0x0000000000000d7d       0x2e ./Core/Src/main.o
 .debug_macro   0x0000000000000dab       0x28 ./Core/Src/main.o
 .debug_macro   0x0000000000000dd3       0x22 ./Core/Src/main.o
 .debug_macro   0x0000000000000df5       0x8e ./Core/Src/main.o
 .debug_macro   0x0000000000000e83       0x51 ./Core/Src/main.o
 .debug_macro   0x0000000000000ed4      0x103 ./Core/Src/main.o
 .debug_macro   0x0000000000000fd7       0x6a ./Core/Src/main.o
 .debug_macro   0x0000000000001041      0x1df ./Core/Src/main.o
 .debug_macro   0x0000000000001220       0x1c ./Core/Src/main.o
 .debug_macro   0x000000000000123c       0x22 ./Core/Src/main.o
 .debug_macro   0x000000000000125e       0xaf ./Core/Src/main.o
 .debug_macro   0x000000000000130d      0x4da ./Core/Src/main.o
 .debug_macro   0x00000000000017e7      0x11f ./Core/Src/main.o
 .debug_macro   0x0000000000001906     0x8742 ./Core/Src/main.o
 .debug_macro   0x000000000000a048       0x66 ./Core/Src/main.o
 .debug_macro   0x000000000000a0ae     0x3590 ./Core/Src/main.o
 .debug_macro   0x000000000000d63e      0x174 ./Core/Src/main.o
 .debug_macro   0x000000000000d7b2       0x5c ./Core/Src/main.o
 .debug_macro   0x000000000000d80e      0x8b4 ./Core/Src/main.o
 .debug_macro   0x000000000000e0c2      0x807 ./Core/Src/main.o
 .debug_macro   0x000000000000e8c9      0x197 ./Core/Src/main.o
 .debug_macro   0x000000000000ea60      0x13f ./Core/Src/main.o
 .debug_macro   0x000000000000eb9f      0x1b5 ./Core/Src/main.o
 .debug_macro   0x000000000000ed54       0x82 ./Core/Src/main.o
 .debug_macro   0x000000000000edd6      0x28e ./Core/Src/main.o
 .debug_macro   0x000000000000f064      0x1e9 ./Core/Src/main.o
 .debug_macro   0x000000000000f24d      0x13d ./Core/Src/main.o
 .debug_macro   0x000000000000f38a      0x4ac ./Core/Src/main.o
 .debug_macro   0x000000000000f836      0x22c ./Core/Src/main.o
 .debug_macro   0x000000000000fa62       0x5b ./Core/Src/main.o
 .debug_macro   0x000000000000fabd       0xa5 ./Core/Src/main.o
 .debug_macro   0x000000000000fb62      0x186 ./Core/Src/main.o
 .debug_macro   0x000000000000fce8       0x16 ./Core/Src/main.o
 .debug_macro   0x000000000000fcfe      0x321 ./Core/Src/main.o
 .debug_macro   0x000000000001001f      0x420 ./Core/Src/main.o
 .debug_macro   0x000000000001043f       0xf2 ./Core/Src/main.o
 .debug_macro   0x0000000000010531      0x170 ./Core/Src/main.o
 .debug_macro   0x00000000000106a1       0x16 ./Core/Src/main.o
 .debug_macro   0x00000000000106b7      0x1e0 ./Core/Src/stm32l0xx_hal_msp.o
 .debug_macro   0x0000000000010897      0x1ea ./Core/Src/stm32l0xx_it.o
 .debug_macro   0x0000000000010a81      0x1bf ./Core/Src/system_stm32l0xx.o
 .debug_macro   0x0000000000010c40      0x1ea ./Core/myMain/libs/rtc_lib/rtc_lib.o
 .debug_macro   0x0000000000010e2a       0x10 ./Core/myMain/libs/rtc_lib/rtc_lib.o
 .debug_macro   0x0000000000010e3a      0x1e0 ./Core/myMain/myMain.o
 .debug_macro   0x000000000001101a      0x1e3 ./Drivers/STM32L0xx_HAL_Driver/Src/stm32l0xx_hal.o
 .debug_macro   0x00000000000111fd      0x1bf ./Drivers/STM32L0xx_HAL_Driver/Src/stm32l0xx_hal_cortex.o
 .debug_macro   0x00000000000113bc      0x1f5 ./Drivers/STM32L0xx_HAL_Driver/Src/stm32l0xx_hal_rcc.o
 .debug_macro   0x00000000000115b1      0x1bf ./Drivers/STM32L0xx_HAL_Driver/Src/stm32l0xx_hal_rcc_ex.o
 .debug_macro   0x0000000000011770      0x1c0 ./Drivers/STM32L0xx_HAL_Driver/Src/stm32l0xx_hal_rtc.o

.debug_line     0x0000000000000000     0x707b
 .debug_line    0x0000000000000000      0x7d4 ./Core/Src/main.o
 .debug_line    0x00000000000007d4      0x735 ./Core/Src/stm32l0xx_hal_msp.o
 .debug_line    0x0000000000000f09      0x761 ./Core/Src/stm32l0xx_it.o
 .debug_line    0x000000000000166a      0x75b ./Core/Src/system_stm32l0xx.o
 .debug_line    0x0000000000001dc5       0x7b ./Core/Startup/startup_stm32l071kbtx.o
 .debug_line    0x0000000000001e40      0xc8d ./Core/myMain/libs/rtc_lib/rtc_lib.o
 .debug_line    0x0000000000002acd      0x754 ./Core/myMain/myMain.o
 .debug_line    0x0000000000003221      0x9fe ./Drivers/STM32L0xx_HAL_Driver/Src/stm32l0xx_hal.o
 .debug_line    0x0000000000003c1f      0xadc ./Drivers/STM32L0xx_HAL_Driver/Src/stm32l0xx_hal_cortex.o
 .debug_line    0x00000000000046fb      0xe3d ./Drivers/STM32L0xx_HAL_Driver/Src/stm32l0xx_hal_rcc.o
 .debug_line    0x0000000000005538      0xac1 ./Drivers/STM32L0xx_HAL_Driver/Src/stm32l0xx_hal_rcc_ex.o
 .debug_line    0x0000000000005ff9     0x1082 ./Drivers/STM32L0xx_HAL_Driver/Src/stm32l0xx_hal_rtc.o

.debug_str      0x0000000000000000    0x6da42
 .debug_str     0x0000000000000000    0x6c5d7 ./Core/Src/main.o
                                      0x6c8c9 (size before relaxing)
 .debug_str     0x000000000006c5d7       0x4e ./Core/Src/stm32l0xx_hal_msp.o
                                      0x6c614 (size before relaxing)
 .debug_str     0x000000000006c625       0x82 ./Core/Src/stm32l0xx_it.o
                                      0x6c3ea (size before relaxing)
 .debug_str     0x000000000006c6a7       0xa3 ./Core/Src/system_stm32l0xx.o
                                      0x6c450 (size before relaxing)
 .debug_str     0x000000000006c74a       0x34 ./Core/Startup/startup_stm32l071kbtx.o
                                         0x67 (size before relaxing)
 .debug_str     0x000000000006c77e      0x221 ./Core/myMain/libs/rtc_lib/rtc_lib.o
                                      0x6c6f0 (size before relaxing)
 .debug_str     0x000000000006c99f       0x54 ./Core/myMain/myMain.o
                                      0x6c4e8 (size before relaxing)
 .debug_str     0x000000000006c9f3      0x5f3 ./Drivers/STM32L0xx_HAL_Driver/Src/stm32l0xx_hal.o
                                      0x6cb5d (size before relaxing)
 .debug_str     0x000000000006cfe6      0x2be ./Drivers/STM32L0xx_HAL_Driver/Src/stm32l0xx_hal_cortex.o
                                      0x6c8b1 (size before relaxing)
 .debug_str     0x000000000006d2a4      0x31d ./Drivers/STM32L0xx_HAL_Driver/Src/stm32l0xx_hal_rcc.o
                                      0x6c961 (size before relaxing)
 .debug_str     0x000000000006d5c1      0x13d ./Drivers/STM32L0xx_HAL_Driver/Src/stm32l0xx_hal_rcc_ex.o
                                      0x6c691 (size before relaxing)
 .debug_str     0x000000000006d6fe      0x344 ./Drivers/STM32L0xx_HAL_Driver/Src/stm32l0xx_hal_rtc.o
                                      0x6c906 (size before relaxing)

.debug_frame    0x0000000000000000     0x11f4
 .debug_frame   0x0000000000000000       0xa4 ./Core/Src/main.o
 .debug_frame   0x00000000000000a4       0x6c ./Core/Src/stm32l0xx_hal_msp.o
 .debug_frame   0x0000000000000110       0x9c ./Core/Src/stm32l0xx_it.o
 .debug_frame   0x00000000000001ac       0x4c ./Core/Src/system_stm32l0xx.o
 .debug_frame   0x00000000000001f8      0x240 ./Core/myMain/libs/rtc_lib/rtc_lib.o
 .debug_frame   0x0000000000000438       0x4c ./Core/myMain/myMain.o
 .debug_frame   0x0000000000000484      0x394 ./Drivers/STM32L0xx_HAL_Driver/Src/stm32l0xx_hal.o
 .debug_frame   0x0000000000000818      0x2fc ./Drivers/STM32L0xx_HAL_Driver/Src/stm32l0xx_hal_cortex.o
 .debug_frame   0x0000000000000b14      0x1a8 ./Drivers/STM32L0xx_HAL_Driver/Src/stm32l0xx_hal_rcc.o
 .debug_frame   0x0000000000000cbc       0xfc ./Drivers/STM32L0xx_HAL_Driver/Src/stm32l0xx_hal_rcc_ex.o
 .debug_frame   0x0000000000000db8      0x360 ./Drivers/STM32L0xx_HAL_Driver/Src/stm32l0xx_hal_rtc.o
 .debug_frame   0x0000000000001118       0x20 /home/armen/Documents/stm-cube-ide/plugins/com.st.stm32cube.ide.mcu.externaltools.gnu-tools-for-stm32.11.3.rel1.linux64_1.1.0.202305231506/tools/bin/../lib/gcc/arm-none-eabi/11.3.1/../../../../arm-none-eabi/lib/thumb/v6-m/nofp/libc_nano.a(libc_a-memset.o)
 .debug_frame   0x0000000000001138       0x2c /home/armen/Documents/stm-cube-ide/plugins/com.st.stm32cube.ide.mcu.externaltools.gnu-tools-for-stm32.11.3.rel1.linux64_1.1.0.202305231506/tools/bin/../lib/gcc/arm-none-eabi/11.3.1/../../../../arm-none-eabi/lib/thumb/v6-m/nofp/libc_nano.a(libc_a-init.o)
 .debug_frame   0x0000000000001164       0x20 /home/armen/Documents/stm-cube-ide/plugins/com.st.stm32cube.ide.mcu.externaltools.gnu-tools-for-stm32.11.3.rel1.linux64_1.1.0.202305231506/tools/bin/../lib/gcc/arm-none-eabi/11.3.1/thumb/v6-m/nofp/libgcc.a(_udivsi3.o)
 .debug_frame   0x0000000000001184       0x34 /home/armen/Documents/stm-cube-ide/plugins/com.st.stm32cube.ide.mcu.externaltools.gnu-tools-for-stm32.11.3.rel1.linux64_1.1.0.202305231506/tools/bin/../lib/gcc/arm-none-eabi/11.3.1/thumb/v6-m/nofp/libgcc.a(_muldi3.o)
 .debug_frame   0x00000000000011b8       0x3c /home/armen/Documents/stm-cube-ide/plugins/com.st.stm32cube.ide.mcu.externaltools.gnu-tools-for-stm32.11.3.rel1.linux64_1.1.0.202305231506/tools/bin/../lib/gcc/arm-none-eabi/11.3.1/thumb/v6-m/nofp/libgcc.a(_udivmoddi4.o)

.debug_line_str
                0x0000000000000000       0x5b
 .debug_line_str
                0x0000000000000000       0x5b ./Core/Startup/startup_stm32l071kbtx.o
                                         0x73 (size before relaxing)
