../Core/myMain/libs/rtc_lib/rtc_lib.c:17:14:rtc_init_clock	16	static
../Core/myMain/libs/rtc_lib/rtc_lib.c:66:14:rtc_start_clock	16	static
../Core/myMain/libs/rtc_lib/rtc_lib.c:86:14:rtc_stop_clock	8	static
../Core/myMain/libs/rtc_lib/rtc_lib.c:100:14:rtc_set_time	32	static
../Core/myMain/libs/rtc_lib/rtc_lib.c:147:14:rtc_get_time	16	static
../Core/myMain/libs/rtc_lib/rtc_lib.c:158:14:rtc_set_date	32	static
../Core/myMain/libs/rtc_lib/rtc_lib.c:205:14:rtc_get_date	24	static
../Core/myMain/libs/rtc_lib/rtc_lib.c:215:14:rtc_bind_time_alarm	40	static
../Core/myMain/libs/rtc_lib/rtc_lib.c:310:14:rtc_stop_alarm	8	static
../Core/myMain/libs/rtc_lib/rtc_lib.c:318:6:rtc_alarm_interrupt_handler	32	static
../Core/myMain/libs/rtc_lib/rtc_lib.c:362:14:rtc_save_time	16	static
../Core/myMain/libs/rtc_lib/rtc_lib.c:368:14:rtc_save_date	16	static
../Core/myMain/libs/rtc_lib/rtc_lib.c:374:14:rtc_restore_time	16	static
../Core/myMain/libs/rtc_lib/rtc_lib.c:380:14:rtc_restore_date	16	static
../Core/myMain/libs/rtc_lib/rtc_lib.c:386:6:rtc_disable_protection	8	static
../Core/myMain/libs/rtc_lib/rtc_lib.c:393:6:rtc_enable_protection	8	static
../Core/myMain/libs/rtc_lib/rtc_lib.c:399:9:dec_to_bcd	24	static
../Core/myMain/libs/rtc_lib/rtc_lib.c:413:9:bcd_to_dec	24	static
